<footer style="text-align:center;color: #ASDFGH;"></footer>