<footer style="color: #123456;">
     <p>Hi footer</p>
</footer>