<body style="font-family: -apple-system;background: #ASDFGH;margin: 11.0px;"></body>