<header style="background: linear-gradient(77deg,#ASDFGH 4%,#QWERTY 99%);"></header>