<fake-margin-auto-element style="margin-left: auto;margin-top: auto;"></fake-margin-auto-element>