<fake-line-height-element style="line-height: 2.3;"></fake-line-height-element>