<p style="color: 1234567;margin: 0.0px;padding-top: 7.0px;" width="14.0px;">Super cool copy here</p>