<fake-element style="color: #123456;"></fake-element>