<fake-border-radius-element style="border-radius: 16.0px;"></fake-border-radius-element>