<img src="images/logo.png" style="margin: 10.0px;"></img>