<img alt="alt required string" src="images/logo.png"></img>