<pre><div>
     <p>ooo, nested twice</p>
</div></pre>